// Jest Snapshot v1, https://goo.gl/fbAQLP

exports[`Registry Snapshots endpoint configurations snapshot 1`] = `
{
  "anthropic/claude-3.5-haiku": {
    "claude-3.5-haiku:anthropic": {
      "context": 200000,
      "crossRegion": false,
      "maxTokens": 8192,
      "modelId": "claude-3-5-haiku-20241022",
      "parameters": [
        "max_tokens",
        "stop",
        "temperature",
        "tool_choice",
        "tools",
        "top_k",
        "top_p",
      ],
      "provider": "anthropic",
      "ptbEnabled": true,
      "regions": [
        "*",
      ],
    },
    "claude-3.5-haiku:bedrock": {
      "context": 200000,
      "crossRegion": true,
      "maxTokens": 8192,
      "modelId": "anthropic.claude-3-5-haiku-20241022-v1:0",
      "parameters": [
        "max_tokens",
        "stop",
        "temperature",
        "tool_choice",
        "tools",
        "top_k",
        "top_p",
      ],
      "provider": "bedrock",
      "ptbEnabled": true,
      "regions": [
        "us-east-1",
      ],
    },
    "claude-3.5-haiku:vertex": {
      "context": 200000,
      "crossRegion": false,
      "maxTokens": 8192,
      "modelId": "claude-3-5-haiku@20241022",
      "parameters": [
        "max_tokens",
        "stop",
        "temperature",
        "tool_choice",
        "tools",
        "top_k",
        "top_p",
      ],
      "provider": "vertex",
      "ptbEnabled": false,
      "regions": [
        "global",
      ],
    },
  },
  "anthropic/claude-3.5-sonnet-v2": {
    "claude-3.5-sonnet-v2:anthropic": {
      "context": 200000,
      "crossRegion": false,
      "maxTokens": 8192,
      "modelId": "claude-3-5-sonnet-20241022",
      "parameters": [
        "max_tokens",
        "stop",
        "temperature",
        "tool_choice",
        "tools",
        "top_k",
        "top_p",
      ],
      "provider": "anthropic",
      "ptbEnabled": true,
      "regions": [
        "*",
      ],
    },
    "claude-3.5-sonnet-v2:bedrock": {
      "context": 200000,
      "crossRegion": true,
      "maxTokens": 8192,
      "modelId": "anthropic.claude-3-5-sonnet-20241022-v2:0",
      "parameters": [
        "max_tokens",
        "stop",
        "temperature",
        "tool_choice",
        "tools",
        "top_k",
        "top_p",
      ],
      "provider": "bedrock",
      "ptbEnabled": true,
      "regions": [
        "us-east-1",
      ],
    },
    "claude-3.5-sonnet-v2:vertex": {
      "context": 200000,
      "crossRegion": false,
      "maxTokens": 8192,
      "modelId": "claude-3-5-sonnet-v2@20241022",
      "parameters": [
        "max_tokens",
        "stop",
        "temperature",
        "tool_choice",
        "tools",
        "top_k",
        "top_p",
      ],
      "provider": "vertex",
      "ptbEnabled": true,
      "regions": [
        "global",
      ],
    },
  },
  "anthropic/claude-3.7-sonnet": {
    "claude-3.7-sonnet:anthropic": {
      "context": 200000,
      "crossRegion": false,
      "maxTokens": 64000,
      "modelId": "claude-3-7-sonnet-20250219",
      "parameters": [
        "max_tokens",
        "stop",
        "temperature",
        "tool_choice",
        "tools",
        "top_k",
        "top_p",
      ],
      "provider": "anthropic",
      "ptbEnabled": true,
      "regions": [
        "*",
      ],
    },
    "claude-3.7-sonnet:bedrock": {
      "context": 200000,
      "crossRegion": true,
      "maxTokens": 64000,
      "modelId": "anthropic.claude-3-7-sonnet-20250219-v1:0",
      "parameters": [
        "max_tokens",
        "stop",
        "temperature",
        "tool_choice",
        "tools",
        "top_k",
        "top_p",
      ],
      "provider": "bedrock",
      "ptbEnabled": true,
      "regions": [
        "us-east-1",
      ],
    },
    "claude-3.7-sonnet:vertex": {
      "context": 200000,
      "crossRegion": false,
      "maxTokens": 64000,
      "modelId": "claude-3-7-sonnet@20250219",
      "parameters": [
        "max_tokens",
        "stop",
        "temperature",
        "tool_choice",
        "tools",
        "top_k",
        "top_p",
      ],
      "provider": "vertex",
      "ptbEnabled": true,
      "regions": [
        "global",
      ],
    },
  },
  "anthropic/claude-opus-4": {
    "claude-opus-4:anthropic": {
      "context": 200000,
      "crossRegion": false,
      "maxTokens": 32000,
      "modelId": "claude-opus-4-20250514",
      "parameters": [
        "include_reasoning",
        "max_tokens",
        "reasoning",
        "stop",
        "temperature",
        "tool_choice",
        "tools",
      ],
      "provider": "anthropic",
      "ptbEnabled": true,
      "regions": [
        "*",
      ],
    },
    "claude-opus-4:bedrock": {
      "context": 200000,
      "crossRegion": true,
      "maxTokens": 32000,
      "modelId": "anthropic.claude-opus-4-20250514-v1:0",
      "parameters": [
        "include_reasoning",
        "max_tokens",
        "reasoning",
        "stop",
        "temperature",
        "tool_choice",
        "tools",
        "top_k",
        "top_p",
      ],
      "provider": "bedrock",
      "ptbEnabled": true,
      "regions": [
        "us-east-1",
      ],
    },
    "claude-opus-4:vertex": {
      "context": 200000,
      "crossRegion": false,
      "maxTokens": 32000,
      "modelId": "claude-opus-4@20250514",
      "parameters": [
        "include_reasoning",
        "max_tokens",
        "reasoning",
        "stop",
        "temperature",
        "tool_choice",
        "tools",
      ],
      "provider": "vertex",
      "ptbEnabled": true,
      "regions": [
        "global",
      ],
    },
  },
  "anthropic/claude-opus-4-1": {
    "claude-opus-4-1:anthropic": {
      "context": 200000,
      "crossRegion": false,
      "maxTokens": 32000,
      "modelId": "claude-opus-4-1-20250805",
      "parameters": [
        "include_reasoning",
        "max_tokens",
        "reasoning",
        "stop",
        "temperature",
        "tool_choice",
        "tools",
      ],
      "provider": "anthropic",
      "ptbEnabled": true,
      "regions": [
        "*",
      ],
    },
    "claude-opus-4-1:bedrock": {
      "context": 200000,
      "crossRegion": true,
      "maxTokens": 32000,
      "modelId": "anthropic.claude-opus-4-1-20250805-v1:0",
      "parameters": [
        "include_reasoning",
        "max_tokens",
        "reasoning",
        "stop",
        "temperature",
        "tool_choice",
        "tools",
        "top_k",
        "top_p",
      ],
      "provider": "bedrock",
      "ptbEnabled": true,
      "regions": [
        "us-east-1",
      ],
    },
    "claude-opus-4-1:vertex": {
      "context": 200000,
      "crossRegion": false,
      "maxTokens": 32000,
      "modelId": "claude-opus-4-1@20250805",
      "parameters": [
        "include_reasoning",
        "max_tokens",
        "reasoning",
        "stop",
        "temperature",
        "tool_choice",
        "tools",
      ],
      "provider": "vertex",
      "ptbEnabled": true,
      "regions": [
        "global",
      ],
    },
  },
  "anthropic/claude-sonnet-4": {
    "claude-sonnet-4:anthropic": {
      "context": 200000,
      "crossRegion": false,
      "maxTokens": 64000,
      "modelId": "claude-sonnet-4-20250514",
      "parameters": [
        "include_reasoning",
        "max_tokens",
        "reasoning",
        "stop",
        "temperature",
        "tool_choice",
        "tools",
      ],
      "provider": "anthropic",
      "ptbEnabled": true,
      "regions": [
        "*",
      ],
    },
    "claude-sonnet-4:bedrock": {
      "context": 200000,
      "crossRegion": true,
      "maxTokens": 64000,
      "modelId": "anthropic.claude-sonnet-4-20250514-v1:0",
      "parameters": [
        "include_reasoning",
        "max_tokens",
        "reasoning",
        "stop",
        "temperature",
        "tool_choice",
        "tools",
        "top_k",
        "top_p",
      ],
      "provider": "bedrock",
      "ptbEnabled": true,
      "regions": [
        "us-east-1",
      ],
    },
    "claude-sonnet-4:vertex": {
      "context": 200000,
      "crossRegion": false,
      "maxTokens": 64000,
      "modelId": "claude-sonnet-4@20250514",
      "parameters": [
        "include_reasoning",
        "max_tokens",
        "reasoning",
        "stop",
        "temperature",
        "tool_choice",
        "tools",
      ],
      "provider": "vertex",
      "ptbEnabled": true,
      "regions": [
        "global",
      ],
    },
  },
  "openai/gpt-4": {
    "gpt-4:openai": {
      "context": 8191,
      "crossRegion": false,
      "maxTokens": 4096,
      "modelId": "gpt-4",
      "parameters": [
        "frequency_penalty",
        "max_tokens",
        "presence_penalty",
        "response_format",
        "seed",
        "stop",
        "temperature",
        "tool_choice",
        "tools",
        "top_p",
      ],
      "provider": "openai",
      "ptbEnabled": true,
      "regions": [
        "*",
      ],
    },
  },
  "openai/gpt-4.1": {
    "gpt-4.1-mini:openai": {
      "context": 1047576,
      "crossRegion": false,
      "maxTokens": 32768,
      "modelId": "gpt-4.1-mini",
      "parameters": [
        "frequency_penalty",
        "max_tokens",
        "presence_penalty",
        "response_format",
        "seed",
        "stop",
        "temperature",
        "tool_choice",
        "tools",
        "top_p",
      ],
      "provider": "openai",
      "ptbEnabled": true,
      "regions": [
        "*",
      ],
    },
    "gpt-4.1-nano:openai": {
      "context": 1047576,
      "crossRegion": false,
      "maxTokens": 32768,
      "modelId": "gpt-4.1-nano",
      "parameters": [
        "frequency_penalty",
        "max_tokens",
        "presence_penalty",
        "response_format",
        "seed",
        "stop",
        "temperature",
        "tool_choice",
        "tools",
        "top_p",
      ],
      "provider": "openai",
      "ptbEnabled": true,
      "regions": [
        "*",
      ],
    },
    "gpt-4.1:openai": {
      "context": 1047576,
      "crossRegion": false,
      "maxTokens": 32768,
      "modelId": "gpt-4.1",
      "parameters": [
        "frequency_penalty",
        "max_tokens",
        "presence_penalty",
        "response_format",
        "seed",
        "stop",
        "temperature",
        "tool_choice",
        "tools",
        "top_p",
      ],
      "provider": "openai",
      "ptbEnabled": true,
      "regions": [
        "*",
      ],
    },
  },
  "openai/gpt-4o": {
    "chatgpt-4o-latest:openai": {
      "context": 128000,
      "crossRegion": false,
      "maxTokens": 16384,
      "modelId": "chatgpt-4o-latest",
      "parameters": [
        "frequency_penalty",
        "max_tokens",
        "presence_penalty",
        "response_format",
        "seed",
        "stop",
        "temperature",
        "tool_choice",
        "tools",
        "top_p",
      ],
      "provider": "openai",
      "ptbEnabled": true,
      "regions": [
        "*",
      ],
    },
    "gpt-4o-mini-search-preview:openai": {
      "context": 128000,
      "crossRegion": false,
      "maxTokens": 16384,
      "modelId": "gpt-4o-mini-search-preview",
      "parameters": [
        "max_tokens",
        "response_format",
      ],
      "provider": "openai",
      "ptbEnabled": true,
      "regions": [
        "*",
      ],
    },
    "gpt-4o-mini:openai": {
      "context": 128000,
      "crossRegion": false,
      "maxTokens": 16384,
      "modelId": "gpt-4o-mini",
      "parameters": [
        "frequency_penalty",
        "max_tokens",
        "presence_penalty",
        "response_format",
        "seed",
        "stop",
        "temperature",
        "tool_choice",
        "tools",
        "top_p",
      ],
      "provider": "openai",
      "ptbEnabled": true,
      "regions": [
        "*",
      ],
    },
    "gpt-4o-search-preview:openai": {
      "context": 128000,
      "crossRegion": false,
      "maxTokens": 16384,
      "modelId": "gpt-4o-search-preview",
      "parameters": [
        "max_tokens",
        "response_format",
      ],
      "provider": "openai",
      "ptbEnabled": true,
      "regions": [
        "*",
      ],
    },
    "gpt-4o:extended:openai": {
      "context": 128000,
      "crossRegion": false,
      "maxTokens": 64000,
      "modelId": "gpt-4o-2024-08-06",
      "parameters": [
        "frequency_penalty",
        "max_tokens",
        "presence_penalty",
        "response_format",
        "seed",
        "stop",
        "temperature",
        "tool_choice",
        "tools",
        "top_p",
      ],
      "provider": "openai",
      "ptbEnabled": true,
      "regions": [
        "*",
      ],
    },
    "gpt-4o:openai": {
      "context": 128000,
      "crossRegion": false,
      "maxTokens": 16384,
      "modelId": "gpt-4o",
      "parameters": [
        "frequency_penalty",
        "max_tokens",
        "presence_penalty",
        "response_format",
        "seed",
        "stop",
        "temperature",
        "tool_choice",
        "tools",
        "top_p",
      ],
      "provider": "openai",
      "ptbEnabled": true,
      "regions": [
        "*",
      ],
    },
  },
  "openai/o1": {
    "o1-mini:openai": {
      "context": 128000,
      "crossRegion": false,
      "maxTokens": 65536,
      "modelId": "o1-mini",
      "parameters": [
        "max_tokens",
        "seed",
      ],
      "provider": "openai",
      "ptbEnabled": true,
      "regions": [
        "*",
      ],
    },
    "o1-pro:openai": {
      "context": 200000,
      "crossRegion": false,
      "maxTokens": 100000,
      "modelId": "o1-pro",
      "parameters": [
        "max_tokens",
        "response_format",
        "seed",
        "tool_choice",
        "tools",
      ],
      "provider": "openai",
      "ptbEnabled": true,
      "regions": [
        "*",
      ],
    },
    "o1:openai": {
      "context": 200000,
      "crossRegion": false,
      "maxTokens": 100000,
      "modelId": "o1",
      "parameters": [
        "max_tokens",
        "response_format",
        "seed",
        "tool_choice",
        "tools",
      ],
      "provider": "openai",
      "ptbEnabled": true,
      "regions": [
        "*",
      ],
    },
  },
  "openai/o3": {
    "o3-mini-high:openai": {
      "context": 200000,
      "crossRegion": false,
      "maxTokens": 100000,
      "modelId": "o3-mini-high",
      "parameters": [
        "max_tokens",
        "response_format",
        "seed",
        "tool_choice",
        "tools",
      ],
      "provider": "openai",
      "ptbEnabled": true,
      "regions": [
        "*",
      ],
    },
    "o3-mini:openai": {
      "context": 200000,
      "crossRegion": false,
      "maxTokens": 100000,
      "modelId": "o3-mini",
      "parameters": [
        "max_tokens",
        "response_format",
        "seed",
        "tool_choice",
        "tools",
      ],
      "provider": "openai",
      "ptbEnabled": true,
      "regions": [
        "*",
      ],
    },
    "o3-pro:openai": {
      "context": 200000,
      "crossRegion": false,
      "maxTokens": 100000,
      "modelId": "o3-pro-2025-06-10",
      "parameters": [
        "max_tokens",
        "response_format",
        "seed",
        "tool_choice",
        "tools",
      ],
      "provider": "openai",
      "ptbEnabled": true,
      "regions": [
        "*",
      ],
    },
    "o3:openai": {
      "context": 200000,
      "crossRegion": false,
      "maxTokens": 100000,
      "modelId": "o3-2025-04-16",
      "parameters": [
        "max_tokens",
        "response_format",
        "seed",
        "tool_choice",
        "tools",
      ],
      "provider": "openai",
      "ptbEnabled": true,
      "regions": [
        "*",
      ],
    },
  },
  "openai/o4": {
    "o4-mini-high:openai": {
      "context": 200000,
      "crossRegion": false,
      "maxTokens": 100000,
      "modelId": "o4-mini-high-2025-04-16",
      "parameters": [
        "max_tokens",
        "response_format",
        "seed",
        "tool_choice",
        "tools",
      ],
      "provider": "openai",
      "ptbEnabled": true,
      "regions": [
        "*",
      ],
    },
    "o4-mini:openai": {
      "context": 200000,
      "crossRegion": false,
      "maxTokens": 100000,
      "modelId": "o4-mini",
      "parameters": [
        "max_tokens",
        "response_format",
        "seed",
        "tool_choice",
        "tools",
      ],
      "provider": "openai",
      "ptbEnabled": true,
      "regions": [
        "*",
      ],
    },
  },
}
`;

exports[`Registry Snapshots model coverage snapshot 1`] = `
{
  "anthropic/claude-3.5-haiku": [
    "anthropic",
    "bedrock",
    "vertex",
  ],
  "anthropic/claude-3.5-sonnet-v2": [
    "anthropic",
    "bedrock",
    "vertex",
  ],
  "anthropic/claude-3.7-sonnet": [
    "anthropic",
    "bedrock",
    "vertex",
  ],
  "anthropic/claude-opus-4": [
    "anthropic",
    "bedrock",
    "vertex",
  ],
  "anthropic/claude-opus-4-1": [
    "anthropic",
    "bedrock",
    "vertex",
  ],
  "anthropic/claude-sonnet-4": [
    "anthropic",
    "bedrock",
    "vertex",
  ],
  "openai/gpt-4": [
    "openai",
  ],
  "openai/gpt-4.1": [
    "openai",
    "openai",
    "openai",
  ],
  "openai/gpt-4o": [
    "openai",
    "openai",
    "openai",
    "openai",
    "openai",
    "openai",
  ],
  "openai/o1": [
    "openai",
    "openai",
    "openai",
  ],
  "openai/o3": [
    "openai",
    "openai",
    "openai",
    "openai",
  ],
  "openai/o4": [
    "openai",
    "openai",
  ],
}
`;

exports[`Registry Snapshots pricing snapshot 1`] = `
{
  "anthropic/claude-3.5-haiku": {
    "anthropic": {
      "cacheRead": 8e-8,
      "cacheWrite": {
        "1h": 0.0000016,
        "5m": 0.000001,
        "default": 0.000001,
      },
      "completion": 0.000004,
      "prompt": 8e-7,
    },
    "bedrock": {
      "cacheRead": 8e-8,
      "cacheWrite": 0.000001,
      "completion": 0.000004,
      "prompt": 8e-7,
    },
    "vertex": {
      "cacheRead": 8e-8,
      "cacheWrite": 0.000001,
      "completion": 0.000004,
      "prompt": 8e-7,
    },
  },
  "anthropic/claude-3.5-sonnet-v2": {
    "anthropic": {
      "cacheRead": 3e-7,
      "cacheWrite": {
        "1h": 0.000006,
        "5m": 0.00000375,
        "default": 0.00000375,
      },
      "completion": 0.000015,
      "prompt": 0.000003,
    },
    "bedrock": {
      "cacheRead": 3e-7,
      "cacheWrite": 0.00000375,
      "completion": 0.000015,
      "prompt": 0.000003,
    },
    "vertex": {
      "cacheRead": 3e-7,
      "cacheWrite": 0.00000375,
      "completion": 0.000015,
      "prompt": 0.000003,
    },
  },
  "anthropic/claude-3.7-sonnet": {
    "anthropic": {
      "cacheRead": 3e-7,
      "cacheWrite": {
        "1h": 0.000006,
        "5m": 0.00000375,
        "default": 0.00000375,
      },
      "completion": 0.000015,
      "prompt": 0.000003,
    },
    "bedrock": {
      "cacheRead": 3e-7,
      "cacheWrite": 0.00000375,
      "completion": 0.000015,
      "prompt": 0.000003,
    },
    "vertex": {
      "cacheRead": 3e-7,
      "cacheWrite": 0.00000375,
      "completion": 0.000015,
      "prompt": 0.000003,
    },
  },
  "anthropic/claude-opus-4": {
    "anthropic": {
      "cacheRead": 0.0000015,
      "cacheWrite": {
        "1h": 0.00003,
        "5m": 0.00001875,
        "default": 0.00001875,
      },
      "completion": 0.000075,
      "prompt": 0.000015,
    },
    "bedrock": {
      "cacheRead": 0.0000015,
      "cacheWrite": 0.00001875,
      "completion": 0.000075,
      "prompt": 0.000015,
    },
    "vertex": {
      "cacheRead": 0.0000015,
      "cacheWrite": 0.00001875,
      "completion": 0.000075,
      "prompt": 0.000015,
    },
  },
  "anthropic/claude-opus-4-1": {
    "anthropic": {
      "cacheRead": 0.0000015,
      "cacheWrite": {
        "1h": 0.00003,
        "5m": 0.00001875,
        "default": 0.00001875,
      },
      "completion": 0.000075,
      "prompt": 0.000015,
    },
    "bedrock": {
      "cacheRead": 0.0000015,
      "cacheWrite": 0.00001875,
      "completion": 0.000075,
      "prompt": 0.000015,
    },
    "vertex": {
      "cacheRead": 0.0000015,
      "cacheWrite": 0.00001875,
      "completion": 0.000075,
      "prompt": 0.000015,
    },
  },
  "anthropic/claude-sonnet-4": {
    "anthropic": {
      "cacheRead": 3e-7,
      "cacheWrite": {
        "1h": 0.000006,
        "5m": 0.00000375,
        "default": 0.00000375,
      },
      "completion": 0.000015,
      "prompt": 0.000003,
    },
    "bedrock": {
      "cacheRead": 3e-7,
      "cacheWrite": 0.00000375,
      "completion": 0.000015,
      "prompt": 0.000003,
    },
    "vertex": {
      "cacheRead": 3e-7,
      "cacheWrite": 0.00000375,
      "completion": 0.000015,
      "prompt": 0.000003,
    },
  },
  "openai/gpt-4": {
    "openai": {
      "completion": 0.00006,
      "prompt": 0.00003,
    },
  },
  "openai/gpt-4.1": {
    "openai": {
      "cacheRead": 5e-8,
      "completion": 4e-7,
      "prompt": 1e-7,
    },
  },
  "openai/gpt-4o": {
    "openai": {
      "completion": 0.00001,
      "prompt": 0.0000025,
    },
  },
  "openai/o1": {
    "openai": {
      "cacheRead": 5.5e-7,
      "completion": 0.0000044,
      "prompt": 0.0000011,
    },
  },
  "openai/o3": {
    "openai": {
      "cacheRead": 5.5e-7,
      "completion": 0.0000044,
      "prompt": 0.0000011,
    },
  },
  "openai/o4": {
    "openai": {
      "cacheRead": 2.75e-7,
      "completion": 0.0000044,
      "prompt": 0.0000011,
    },
  },
}
`;

exports[`Registry Snapshots registry builds correctly 1`] = `
{
  "modelToProviders": [
    {
      "model": "chatgpt-4o-latest",
      "providers": [
        "openai",
      ],
    },
    {
      "model": "claude-3.5-haiku",
      "providers": [
        "anthropic",
        "bedrock",
        "vertex",
      ],
    },
    {
      "model": "claude-3.5-sonnet-v2",
      "providers": [
        "anthropic",
        "bedrock",
        "vertex",
      ],
    },
    {
      "model": "claude-3.7-sonnet",
      "providers": [
        "anthropic",
        "bedrock",
        "vertex",
      ],
    },
    {
      "model": "claude-opus-4",
      "providers": [
        "anthropic",
        "bedrock",
        "vertex",
      ],
    },
    {
      "model": "claude-opus-4-1",
      "providers": [
        "anthropic",
        "bedrock",
        "vertex",
      ],
    },
    {
      "model": "claude-sonnet-4",
      "providers": [
        "anthropic",
        "bedrock",
        "vertex",
      ],
    },
    {
      "model": "gpt-4",
      "providers": [
        "openai",
      ],
    },
    {
      "model": "gpt-4.1",
      "providers": [
        "openai",
      ],
    },
    {
      "model": "gpt-4.1-mini",
      "providers": [
        "openai",
      ],
    },
    {
      "model": "gpt-4.1-nano",
      "providers": [
        "openai",
      ],
    },
    {
      "model": "gpt-4o",
      "providers": [
        "extended",
        "openai",
      ],
    },
    {
      "model": "gpt-4o-mini",
      "providers": [
        "openai",
      ],
    },
    {
      "model": "gpt-4o-mini-search-preview",
      "providers": [
        "openai",
      ],
    },
    {
      "model": "gpt-4o-search-preview",
      "providers": [
        "openai",
      ],
    },
    {
      "model": "o1",
      "providers": [
        "openai",
      ],
    },
    {
      "model": "o1-mini",
      "providers": [
        "openai",
      ],
    },
    {
      "model": "o1-pro",
      "providers": [
        "openai",
      ],
    },
    {
      "model": "o3",
      "providers": [
        "openai",
      ],
    },
    {
      "model": "o3-mini",
      "providers": [
        "openai",
      ],
    },
    {
      "model": "o3-mini-high",
      "providers": [
        "openai",
      ],
    },
    {
      "model": "o3-pro",
      "providers": [
        "openai",
      ],
    },
    {
      "model": "o4-mini",
      "providers": [
        "openai",
      ],
    },
    {
      "model": "o4-mini-high",
      "providers": [
        "openai",
      ],
    },
  ],
  "providerBreakdown": [
    {
      "modelCount": 6,
      "provider": "anthropic",
    },
    {
      "modelCount": 6,
      "provider": "bedrock",
    },
    {
      "modelCount": 1,
      "provider": "extended",
    },
    {
      "modelCount": 18,
      "provider": "openai",
    },
    {
      "modelCount": 6,
      "provider": "vertex",
    },
  ],
  "ptbEnabledModels": [
    "chatgpt-4o-latest",
    "claude-3.5-haiku",
    "claude-3.5-sonnet-v2",
    "claude-3.7-sonnet",
    "claude-opus-4",
    "claude-opus-4-1",
    "claude-sonnet-4",
    "gpt-4",
    "gpt-4.1",
    "gpt-4.1-mini",
    "gpt-4.1-nano",
    "gpt-4o",
    "gpt-4o-mini",
    "gpt-4o-mini-search-preview",
    "gpt-4o-search-preview",
    "o1",
    "o1-mini",
    "o1-pro",
    "o3",
    "o3-mini",
    "o3-mini-high",
    "o3-pro",
    "o4-mini",
    "o4-mini-high",
  ],
  "sampleEndpointIds": [
    "claude-3.5-haiku:anthropic:*",
    "claude-3.5-haiku:bedrock:us-east-1",
    "claude-3.5-haiku:vertex:global",
    "claude-3.5-sonnet-v2:anthropic:*",
    "claude-3.5-sonnet-v2:vertex:global",
  ],
  "totalEndpoints": 37,
  "totalModelProviderConfigs": 37,
  "totalModelsWithPtb": 24,
  "totalProviders": 5,
}
`;
