// Vitest Snapshot v1, https://vitest.dev/guide/snapshot.html

exports[`Registry Tests with TypeScript Configs > Registry Endpoint URLs > should match expected PTB endpoint URLs (snapshot) > registry-endpoint-urls 1`] = `
{
  "chatgpt-4o-latest:openai": {
    "byok": {
      "default": "https://api.openai.com/v1/chat/completions",
      "us-east-1": "https://api.openai.com/v1/chat/completions",
      "us-west-2": "https://api.openai.com/v1/chat/completions",
      "vertex-us-east1": "https://api.openai.com/v1/chat/completions",
    },
    "ptb": {
      "*": "https://api.openai.com/v1/chat/completions",
    },
  },
  "claude-3.5-haiku:anthropic": {
    "byok": {
      "default": "https://api.anthropic.com/v1/chat/completions",
      "us-east-1": "https://api.anthropic.com/v1/chat/completions",
      "us-west-2": "https://api.anthropic.com/v1/chat/completions",
      "vertex-us-east1": "https://api.anthropic.com/v1/chat/completions",
    },
    "ptb": {
      "*": "https://api.anthropic.com/v1/chat/completions",
    },
  },
  "claude-3.5-haiku:bedrock": {
    "byok": {
      "default": "https://bedrock-runtime.us-east-1.amazonaws.com/model/anthropic.claude-3-5-haiku-20241022-v1:0/invoke",
      "us-east-1": "https://bedrock-runtime.us-east-1.amazonaws.com/model/anthropic.claude-3-5-haiku-20241022-v1:0/invoke",
      "us-west-2": "https://bedrock-runtime.us-west-2.amazonaws.com/model/anthropic.claude-3-5-haiku-20241022-v1:0/invoke",
      "vertex-us-east1": "https://bedrock-runtime.us-east1.amazonaws.com/model/anthropic.claude-3-5-haiku-20241022-v1:0/invoke",
    },
    "ptb": {
      "us-east-1": "https://bedrock-runtime.us-east-1.amazonaws.com/model/anthropic.claude-3-5-haiku-20241022-v1:0/invoke",
    },
  },
  "claude-3.5-haiku:vertex": {
    "byok": {
      "vertex-us-east1": "https://us-east1-aiplatform.googleapis.com/v1/projects/test-project/locations/us-east1/publishers/anthropic/models/claude-3-5-haiku@20241022:streamRawPredict",
    },
    "ptb": {},
  },
  "claude-3.5-sonnet-v2:anthropic": {
    "byok": {
      "default": "https://api.anthropic.com/v1/chat/completions",
      "us-east-1": "https://api.anthropic.com/v1/chat/completions",
      "us-west-2": "https://api.anthropic.com/v1/chat/completions",
      "vertex-us-east1": "https://api.anthropic.com/v1/chat/completions",
    },
    "ptb": {
      "*": "https://api.anthropic.com/v1/chat/completions",
    },
  },
  "claude-3.5-sonnet-v2:bedrock": {
    "byok": {
      "default": "https://bedrock-runtime.us-east-1.amazonaws.com/model/anthropic.claude-3-5-sonnet-20241022-v2:0/invoke",
      "us-east-1": "https://bedrock-runtime.us-east-1.amazonaws.com/model/anthropic.claude-3-5-sonnet-20241022-v2:0/invoke",
      "us-west-2": "https://bedrock-runtime.us-west-2.amazonaws.com/model/anthropic.claude-3-5-sonnet-20241022-v2:0/invoke",
      "vertex-us-east1": "https://bedrock-runtime.us-east1.amazonaws.com/model/anthropic.claude-3-5-sonnet-20241022-v2:0/invoke",
    },
    "ptb": {
      "us-east-1": "https://bedrock-runtime.us-east-1.amazonaws.com/model/anthropic.claude-3-5-sonnet-20241022-v2:0/invoke",
    },
  },
  "claude-3.5-sonnet-v2:vertex": {
    "byok": {
      "vertex-us-east1": "https://us-east1-aiplatform.googleapis.com/v1/projects/test-project/locations/us-east1/publishers/anthropic/models/claude-3-5-sonnet-v2@20241022:streamRawPredict",
    },
    "ptb": {
      "global": "",
    },
  },
  "claude-3.7-sonnet:anthropic": {
    "byok": {
      "default": "https://api.anthropic.com/v1/chat/completions",
      "us-east-1": "https://api.anthropic.com/v1/chat/completions",
      "us-west-2": "https://api.anthropic.com/v1/chat/completions",
      "vertex-us-east1": "https://api.anthropic.com/v1/chat/completions",
    },
    "ptb": {
      "*": "https://api.anthropic.com/v1/chat/completions",
    },
  },
  "claude-3.7-sonnet:bedrock": {
    "byok": {
      "default": "https://bedrock-runtime.us-east-1.amazonaws.com/model/anthropic.claude-3-7-sonnet-20250219-v1:0/invoke",
      "us-east-1": "https://bedrock-runtime.us-east-1.amazonaws.com/model/anthropic.claude-3-7-sonnet-20250219-v1:0/invoke",
      "us-west-2": "https://bedrock-runtime.us-west-2.amazonaws.com/model/anthropic.claude-3-7-sonnet-20250219-v1:0/invoke",
      "vertex-us-east1": "https://bedrock-runtime.us-east1.amazonaws.com/model/anthropic.claude-3-7-sonnet-20250219-v1:0/invoke",
    },
    "ptb": {
      "us-east-1": "https://bedrock-runtime.us-east-1.amazonaws.com/model/anthropic.claude-3-7-sonnet-20250219-v1:0/invoke",
    },
  },
  "claude-3.7-sonnet:vertex": {
    "byok": {
      "vertex-us-east1": "https://us-east1-aiplatform.googleapis.com/v1/projects/test-project/locations/us-east1/publishers/anthropic/models/claude-3-7-sonnet@20250219:streamRawPredict",
    },
    "ptb": {
      "global": "",
    },
  },
  "claude-opus-4-1:anthropic": {
    "byok": {
      "default": "https://api.anthropic.com/v1/chat/completions",
      "us-east-1": "https://api.anthropic.com/v1/chat/completions",
      "us-west-2": "https://api.anthropic.com/v1/chat/completions",
      "vertex-us-east1": "https://api.anthropic.com/v1/chat/completions",
    },
    "ptb": {
      "*": "https://api.anthropic.com/v1/chat/completions",
    },
  },
  "claude-opus-4-1:bedrock": {
    "byok": {
      "default": "https://bedrock-runtime.us-east-1.amazonaws.com/model/anthropic.claude-opus-4-1-20250805-v1:0/invoke",
      "us-east-1": "https://bedrock-runtime.us-east-1.amazonaws.com/model/anthropic.claude-opus-4-1-20250805-v1:0/invoke",
      "us-west-2": "https://bedrock-runtime.us-west-2.amazonaws.com/model/anthropic.claude-opus-4-1-20250805-v1:0/invoke",
      "vertex-us-east1": "https://bedrock-runtime.us-east1.amazonaws.com/model/anthropic.claude-opus-4-1-20250805-v1:0/invoke",
    },
    "ptb": {
      "us-east-1": "https://bedrock-runtime.us-east-1.amazonaws.com/model/anthropic.claude-opus-4-1-20250805-v1:0/invoke",
    },
  },
  "claude-opus-4-1:vertex": {
    "byok": {
      "vertex-us-east1": "https://us-east1-aiplatform.googleapis.com/v1/projects/test-project/locations/us-east1/publishers/anthropic/models/claude-opus-4-1@20250805:streamRawPredict",
    },
    "ptb": {
      "global": "",
    },
  },
  "claude-opus-4:anthropic": {
    "byok": {
      "default": "https://api.anthropic.com/v1/chat/completions",
      "us-east-1": "https://api.anthropic.com/v1/chat/completions",
      "us-west-2": "https://api.anthropic.com/v1/chat/completions",
      "vertex-us-east1": "https://api.anthropic.com/v1/chat/completions",
    },
    "ptb": {
      "*": "https://api.anthropic.com/v1/chat/completions",
    },
  },
  "claude-opus-4:bedrock": {
    "byok": {
      "default": "https://bedrock-runtime.us-east-1.amazonaws.com/model/anthropic.claude-opus-4-20250514-v1:0/invoke",
      "us-east-1": "https://bedrock-runtime.us-east-1.amazonaws.com/model/anthropic.claude-opus-4-20250514-v1:0/invoke",
      "us-west-2": "https://bedrock-runtime.us-west-2.amazonaws.com/model/anthropic.claude-opus-4-20250514-v1:0/invoke",
      "vertex-us-east1": "https://bedrock-runtime.us-east1.amazonaws.com/model/anthropic.claude-opus-4-20250514-v1:0/invoke",
    },
    "ptb": {
      "us-east-1": "https://bedrock-runtime.us-east-1.amazonaws.com/model/anthropic.claude-opus-4-20250514-v1:0/invoke",
    },
  },
  "claude-opus-4:vertex": {
    "byok": {
      "vertex-us-east1": "https://us-east1-aiplatform.googleapis.com/v1/projects/test-project/locations/us-east1/publishers/anthropic/models/claude-opus-4@20250514:streamRawPredict",
    },
    "ptb": {
      "global": "",
    },
  },
  "claude-sonnet-4:anthropic": {
    "byok": {
      "default": "https://api.anthropic.com/v1/chat/completions",
      "us-east-1": "https://api.anthropic.com/v1/chat/completions",
      "us-west-2": "https://api.anthropic.com/v1/chat/completions",
      "vertex-us-east1": "https://api.anthropic.com/v1/chat/completions",
    },
    "ptb": {
      "*": "https://api.anthropic.com/v1/chat/completions",
    },
  },
  "claude-sonnet-4:bedrock": {
    "byok": {
      "default": "https://bedrock-runtime.us-east-1.amazonaws.com/model/anthropic.claude-sonnet-4-20250514-v1:0/invoke",
      "us-east-1": "https://bedrock-runtime.us-east-1.amazonaws.com/model/anthropic.claude-sonnet-4-20250514-v1:0/invoke",
      "us-west-2": "https://bedrock-runtime.us-west-2.amazonaws.com/model/anthropic.claude-sonnet-4-20250514-v1:0/invoke",
      "vertex-us-east1": "https://bedrock-runtime.us-east1.amazonaws.com/model/anthropic.claude-sonnet-4-20250514-v1:0/invoke",
    },
    "ptb": {
      "us-east-1": "https://bedrock-runtime.us-east-1.amazonaws.com/model/anthropic.claude-sonnet-4-20250514-v1:0/invoke",
    },
  },
  "claude-sonnet-4:vertex": {
    "byok": {
      "vertex-us-east1": "https://us-east1-aiplatform.googleapis.com/v1/projects/test-project/locations/us-east1/publishers/anthropic/models/claude-sonnet-4@20250514:streamRawPredict",
    },
    "ptb": {
      "global": "",
    },
  },
  "gpt-4.1-mini:openai": {
    "byok": {
      "default": "https://api.openai.com/v1/chat/completions",
      "us-east-1": "https://api.openai.com/v1/chat/completions",
      "us-west-2": "https://api.openai.com/v1/chat/completions",
      "vertex-us-east1": "https://api.openai.com/v1/chat/completions",
    },
    "ptb": {
      "*": "https://api.openai.com/v1/chat/completions",
    },
  },
  "gpt-4.1-nano:openai": {
    "byok": {
      "default": "https://api.openai.com/v1/chat/completions",
      "us-east-1": "https://api.openai.com/v1/chat/completions",
      "us-west-2": "https://api.openai.com/v1/chat/completions",
      "vertex-us-east1": "https://api.openai.com/v1/chat/completions",
    },
    "ptb": {
      "*": "https://api.openai.com/v1/chat/completions",
    },
  },
  "gpt-4.1:openai": {
    "byok": {
      "default": "https://api.openai.com/v1/chat/completions",
      "us-east-1": "https://api.openai.com/v1/chat/completions",
      "us-west-2": "https://api.openai.com/v1/chat/completions",
      "vertex-us-east1": "https://api.openai.com/v1/chat/completions",
    },
    "ptb": {
      "*": "https://api.openai.com/v1/chat/completions",
    },
  },
  "gpt-4:openai": {
    "byok": {
      "default": "https://api.openai.com/v1/chat/completions",
      "us-east-1": "https://api.openai.com/v1/chat/completions",
      "us-west-2": "https://api.openai.com/v1/chat/completions",
      "vertex-us-east1": "https://api.openai.com/v1/chat/completions",
    },
    "ptb": {
      "*": "https://api.openai.com/v1/chat/completions",
    },
  },
  "gpt-4o-mini-search-preview:openai": {
    "byok": {
      "default": "https://api.openai.com/v1/chat/completions",
      "us-east-1": "https://api.openai.com/v1/chat/completions",
      "us-west-2": "https://api.openai.com/v1/chat/completions",
      "vertex-us-east1": "https://api.openai.com/v1/chat/completions",
    },
    "ptb": {
      "*": "https://api.openai.com/v1/chat/completions",
    },
  },
  "gpt-4o-mini:openai": {
    "byok": {
      "default": "https://api.openai.com/v1/chat/completions",
      "us-east-1": "https://api.openai.com/v1/chat/completions",
      "us-west-2": "https://api.openai.com/v1/chat/completions",
      "vertex-us-east1": "https://api.openai.com/v1/chat/completions",
    },
    "ptb": {
      "*": "https://api.openai.com/v1/chat/completions",
    },
  },
  "gpt-4o-search-preview:openai": {
    "byok": {
      "default": "https://api.openai.com/v1/chat/completions",
      "us-east-1": "https://api.openai.com/v1/chat/completions",
      "us-west-2": "https://api.openai.com/v1/chat/completions",
      "vertex-us-east1": "https://api.openai.com/v1/chat/completions",
    },
    "ptb": {
      "*": "https://api.openai.com/v1/chat/completions",
    },
  },
  "gpt-4o:extended": {
    "byok": {},
    "ptb": {
      "openai:*": "https://api.openai.com/v1/chat/completions",
    },
  },
  "gpt-4o:openai": {
    "byok": {
      "default": "https://api.openai.com/v1/chat/completions",
      "us-east-1": "https://api.openai.com/v1/chat/completions",
      "us-west-2": "https://api.openai.com/v1/chat/completions",
      "vertex-us-east1": "https://api.openai.com/v1/chat/completions",
    },
    "ptb": {
      "*": "https://api.openai.com/v1/chat/completions",
    },
  },
  "o1-mini:openai": {
    "byok": {
      "default": "https://api.openai.com/v1/chat/completions",
      "us-east-1": "https://api.openai.com/v1/chat/completions",
      "us-west-2": "https://api.openai.com/v1/chat/completions",
      "vertex-us-east1": "https://api.openai.com/v1/chat/completions",
    },
    "ptb": {
      "*": "https://api.openai.com/v1/chat/completions",
    },
  },
  "o1-pro:openai": {
    "byok": {
      "default": "https://api.openai.com/v1/chat/completions",
      "us-east-1": "https://api.openai.com/v1/chat/completions",
      "us-west-2": "https://api.openai.com/v1/chat/completions",
      "vertex-us-east1": "https://api.openai.com/v1/chat/completions",
    },
    "ptb": {
      "*": "https://api.openai.com/v1/chat/completions",
    },
  },
  "o1:openai": {
    "byok": {
      "default": "https://api.openai.com/v1/chat/completions",
      "us-east-1": "https://api.openai.com/v1/chat/completions",
      "us-west-2": "https://api.openai.com/v1/chat/completions",
      "vertex-us-east1": "https://api.openai.com/v1/chat/completions",
    },
    "ptb": {
      "*": "https://api.openai.com/v1/chat/completions",
    },
  },
  "o3-mini-high:openai": {
    "byok": {
      "default": "https://api.openai.com/v1/chat/completions",
      "us-east-1": "https://api.openai.com/v1/chat/completions",
      "us-west-2": "https://api.openai.com/v1/chat/completions",
      "vertex-us-east1": "https://api.openai.com/v1/chat/completions",
    },
    "ptb": {
      "*": "https://api.openai.com/v1/chat/completions",
    },
  },
  "o3-mini:openai": {
    "byok": {
      "default": "https://api.openai.com/v1/chat/completions",
      "us-east-1": "https://api.openai.com/v1/chat/completions",
      "us-west-2": "https://api.openai.com/v1/chat/completions",
      "vertex-us-east1": "https://api.openai.com/v1/chat/completions",
    },
    "ptb": {
      "*": "https://api.openai.com/v1/chat/completions",
    },
  },
  "o3-pro:openai": {
    "byok": {
      "default": "https://api.openai.com/v1/chat/completions",
      "us-east-1": "https://api.openai.com/v1/chat/completions",
      "us-west-2": "https://api.openai.com/v1/chat/completions",
      "vertex-us-east1": "https://api.openai.com/v1/chat/completions",
    },
    "ptb": {
      "*": "https://api.openai.com/v1/chat/completions",
    },
  },
  "o3:openai": {
    "byok": {
      "default": "https://api.openai.com/v1/chat/completions",
      "us-east-1": "https://api.openai.com/v1/chat/completions",
      "us-west-2": "https://api.openai.com/v1/chat/completions",
      "vertex-us-east1": "https://api.openai.com/v1/chat/completions",
    },
    "ptb": {
      "*": "https://api.openai.com/v1/chat/completions",
    },
  },
  "o4-mini-high:openai": {
    "byok": {
      "default": "https://api.openai.com/v1/chat/completions",
      "us-east-1": "https://api.openai.com/v1/chat/completions",
      "us-west-2": "https://api.openai.com/v1/chat/completions",
      "vertex-us-east1": "https://api.openai.com/v1/chat/completions",
    },
    "ptb": {
      "*": "https://api.openai.com/v1/chat/completions",
    },
  },
  "o4-mini:openai": {
    "byok": {
      "default": "https://api.openai.com/v1/chat/completions",
      "us-east-1": "https://api.openai.com/v1/chat/completions",
      "us-west-2": "https://api.openai.com/v1/chat/completions",
      "vertex-us-east1": "https://api.openai.com/v1/chat/completions",
    },
    "ptb": {
      "*": "https://api.openai.com/v1/chat/completions",
    },
  },
}
`;
